ARM Linker, 5.03 [Build 76] [MDK-ARM Standard]

==============================================================================

Section Cross References

    startup_stm32f10x_hd.o(RESET) refers to startup_stm32f10x_hd.o(STACK) for __initial_sp
    startup_stm32f10x_hd.o(RESET) refers to startup_stm32f10x_hd.o(.text) for Reset_Handler
    startup_stm32f10x_hd.o(RESET) refers to stm32f10x_it.o(.text) for NMI_Handler
    startup_stm32f10x_hd.o(.text) refers to system_stm32f10x.o(.text) for SystemInit
    startup_stm32f10x_hd.o(.text) refers to entry.o(.ARM.Collect$$$$00000000) for __main
    main.o(.text) refers to stm32f10x_usart.o(.text) for USART_SendData
    main.o(.text) refers to stm32f10x_adc.o(.text) for ADC_SoftwareStartConvCmd
    main.o(.text) refers to pbdata.o(.text) for delay_ms
    main.o(.text) refers to lcd_ili9325.o(.text) for show_Font
    main.o(.text) refers to stm32f10x_gpio.o(.text) for GPIO_SetBits
    main.o(.text) refers to key.o(.text) for KEY_Scanf
    main.o(.text) refers to misc.o(.text) for NVIC_PriorityGroupConfig
    main.o(.text) refers to stm32f10x_usart.o(.text) for USART_Init
    main.o(.text) refers to main.o(.data) for data_L
    main.o(.text) refers to main.o(.bss) for a1
    main.o(.text) refers to system_stm32f10x.o(.text) for SystemInit
    main.o(.text) refers to stm32f10x_rcc.o(.text) for RCC_APB2PeriphClockCmd
    main.o(.text) refers to rtc_time.o(.text) for RTC_Configuration
    main.o(.text) refers to stm32_fsmc.o(.text) for FSMC_Configuration
    main.o(.text) refers to dht11.o(.text) for DHT11_Init
    main.o(.text) refers to dflti.o(.text) for __aeabi_i2d
    main.o(.text) refers to dmul.o(.text) for __aeabi_dmul
    main.o(.text) refers to dfixi.o(.text) for __aeabi_d2iz
    pbdata.o(.text) refers to stm32f10x_rcc.o(.text) for RCC_DeInit
    pbdata.o(.text) refers to stm32f10x_rcc.o(.text) for RCC_HSEConfig
    pbdata.o(.text) refers to stm32f10x_rcc.o(.text) for RCC_WaitForHSEStartUp
    pbdata.o(.text) refers to stm32f10x_rcc.o(.text) for RCC_HCLKConfig
    pbdata.o(.text) refers to stm32f10x_rcc.o(.text) for RCC_PCLK2Config
    pbdata.o(.text) refers to stm32f10x_rcc.o(.text) for RCC_PCLK1Config
    pbdata.o(.text) refers to stm32f10x_rcc.o(.text) for RCC_PLLConfig
    pbdata.o(.text) refers to stm32f10x_rcc.o(.text) for RCC_PLLCmd
    pbdata.o(.text) refers to stm32f10x_rcc.o(.text) for RCC_GetFlagStatus
    pbdata.o(.text) refers to stm32f10x_rcc.o(.text) for RCC_SYSCLKConfig
    pbdata.o(.text) refers to stm32f10x_rcc.o(.text) for RCC_GetSYSCLKSource
    stm32f10x_it.o(.text) refers to stm32f10x_usart.o(.text) for USART_GetITStatus
    stm32f10x_it.o(.text) refers to stm32f10x_rtc.o(.text) for RTC_GetITStatus
    stm32f10x_it.o(.text) refers to rtc_time.o(.text) for RTCTick
    stm32f10x_it.o(.text) refers to lcd_ili9325.o(.text) for show_Str
    stm32f10x_it.o(.text) refers to pbdata.o(.data) for tim_bz
    stm32f10x_it.o(.text) refers to stm32f10x_it.o(.bss) for a
    lcd_ili9325.o(.text) refers to stm32f10x_gpio.o(.text) for GPIO_ResetBits
    lcd_ili9325.o(.text) refers to pbdata.o(.text) for delay
    lcd_ili9325.o(.text) refers to lcd_ili9325.o(.constdata) for font
    lcd_ili9325.o(.text) refers to lcd_ili9325.o(.text) for ILI_9325_Draw_Point
    lcd_ili9325.o(.text) refers to lcd_ili9325.o(.text) for ILI_9325_Draw_Point
    lcd_ili9325.o(.text) refers to lcd_ili9325.o(.constdata) for str
    stm32_fsmc.o(.text) refers to stm32f10x_fsmc.o(.text) for FSMC_NORSRAMInit
    key.o(.text) refers to stm32f10x_gpio.o(.text) for GPIO_ResetBits
    key.o(.text) refers to pbdata.o(.text) for delay_ms
    dht11.o(.text) refers to stm32f10x_gpio.o(.text) for GPIO_Init
    dht11.o(.text) refers to pbdata.o(.text) for delay_ms
    rtc_time.o(.text) refers to stm32f10x_rcc.o(.text) for RCC_APB1PeriphClockCmd
    rtc_time.o(.text) refers to stm32f10x_pwr.o(.text) for PWR_BackupAccessCmd
    rtc_time.o(.text) refers to stm32f10x_rtc.o(.text) for RTC_WaitForSynchro
    rtc_time.o(.text) refers to stm32f10x_bkp.o(.text) for BKP_ReadBackupRegister
    rtc_time.o(.text) refers to rtc_time.o(.bss) for Real_Time
    rtc_time.o(.text) refers to rtc_time.o(.constdata) for Month2Day_Tab
    stm32f10x_gpio.o(.text) refers to stm32f10x_rcc.o(.text) for RCC_APB2PeriphResetCmd
    stm32f10x_gpio.o(.text) refers to stm32f10x_rcc.o(.text) for RCC_APB2PeriphResetCmd
    stm32f10x_rcc.o(.text) refers to stm32f10x_rcc.o(.data) for APBAHBPrescTable
    stm32f10x_rcc.o(.text) refers to stm32f10x_rcc.o(.text) for RCC_GetFlagStatus
    stm32f10x_tim.o(.text) refers to stm32f10x_rcc.o(.text) for RCC_APB2PeriphResetCmd
    stm32f10x_tim.o(.text) refers to stm32f10x_rcc.o(.text) for RCC_APB1PeriphResetCmd
    stm32f10x_tim.o(.text) refers to stm32f10x_tim.o(.text) for TI1_Config
    stm32f10x_tim.o(.text) refers to stm32f10x_tim.o(.text) for TIM_SetIC1Prescaler
    stm32f10x_tim.o(.text) refers to stm32f10x_tim.o(.text) for TIM_SetIC2Prescaler
    stm32f10x_tim.o(.text) refers to stm32f10x_tim.o(.text) for TIM_SetIC3Prescaler
    stm32f10x_tim.o(.text) refers to stm32f10x_tim.o(.text) for TIM_SetIC4Prescaler
    stm32f10x_tim.o(.text) refers to stm32f10x_tim.o(.text) for TI1_Config
    stm32f10x_tim.o(.text) refers to stm32f10x_tim.o(.text) for TIM_SetIC1Prescaler
    stm32f10x_tim.o(.text) refers to stm32f10x_tim.o(.text) for TIM_SetIC2Prescaler
    stm32f10x_tim.o(.text) refers to stm32f10x_tim.o(.text) for TIM_SelectInputTrigger
    stm32f10x_tim.o(.text) refers to stm32f10x_tim.o(.text) for TI2_Config
    stm32f10x_tim.o(.text) refers to stm32f10x_tim.o(.text) for TIM_SelectInputTrigger
    stm32f10x_tim.o(.text) refers to stm32f10x_tim.o(.text) for TIM_ETRConfig
    stm32f10x_tim.o(.text) refers to stm32f10x_tim.o(.text) for TIM_ETRConfig
    stm32f10x_usart.o(.text) refers to stm32f10x_rcc.o(.text) for RCC_APB2PeriphResetCmd
    stm32f10x_usart.o(.text) refers to stm32f10x_rcc.o(.text) for RCC_APB1PeriphResetCmd
    stm32f10x_usart.o(.text) refers to stm32f10x_rcc.o(.text) for RCC_GetClocksFreq
    stm32f10x_bkp.o(.text) refers to stm32f10x_rcc.o(.text) for RCC_BackupResetCmd
    stm32f10x_pwr.o(.text) refers to stm32f10x_rcc.o(.text) for RCC_APB1PeriphResetCmd
    stm32f10x_rtc.o(.text) refers to stm32f10x_rtc.o(.text) for RTC_EnterConfigMode
    stm32f10x_adc.o(.text) refers to stm32f10x_rcc.o(.text) for RCC_APB2PeriphResetCmd
    system_stm32f10x.o(.text) refers to system_stm32f10x.o(.data) for SystemCoreClock
    entry.o(.ARM.Collect$$$$00000000) refers (Special) to entry10a.o(.ARM.Collect$$$$0000000D) for __rt_final_cpp
    entry.o(.ARM.Collect$$$$00000000) refers (Special) to entry11a.o(.ARM.Collect$$$$0000000F) for __rt_final_exit
    entry.o(.ARM.Collect$$$$00000000) refers (Special) to entry7b.o(.ARM.Collect$$$$00000008) for _main_clock
    entry.o(.ARM.Collect$$$$00000000) refers (Special) to entry8b.o(.ARM.Collect$$$$0000000A) for _main_cpp_init
    entry.o(.ARM.Collect$$$$00000000) refers (Special) to entry9a.o(.ARM.Collect$$$$0000000B) for _main_init
    entry.o(.ARM.Collect$$$$00000000) refers (Special) to entry5.o(.ARM.Collect$$$$00000004) for _main_scatterload
    entry.o(.ARM.Collect$$$$00000000) refers (Special) to entry2.o(.ARM.Collect$$$$00000001) for _main_stk
    dmul.o(.text) refers (Special) to iusefp.o(.text) for __I$use$fp
    dmul.o(.text) refers to depilogue.o(.text) for _double_epilogue
    dflti.o(.text) refers (Special) to iusefp.o(.text) for __I$use$fp
    dflti.o(.text) refers to depilogue.o(.text) for _double_epilogue
    dfixi.o(.text) refers (Special) to iusefp.o(.text) for __I$use$fp
    dfixi.o(.text) refers to llushr.o(.text) for __aeabi_llsr
    entry2.o(.ARM.Collect$$$$00000001) refers to entry2.o(.ARM.Collect$$$$00002712) for __lit__00000000
    entry2.o(.ARM.Collect$$$$00002712) refers to startup_stm32f10x_hd.o(STACK) for __initial_sp
    entry2.o(__vectab_stack_and_reset_area) refers to startup_stm32f10x_hd.o(STACK) for __initial_sp
    entry2.o(__vectab_stack_and_reset_area) refers to entry.o(.ARM.Collect$$$$00000000) for __main
    entry5.o(.ARM.Collect$$$$00000004) refers to init.o(.text) for __scatterload
    entry9a.o(.ARM.Collect$$$$0000000B) refers to main.o(.text) for main
    entry9b.o(.ARM.Collect$$$$0000000C) refers to main.o(.text) for main
    depilogue.o(.text) refers to llshl.o(.text) for __aeabi_llsl
    depilogue.o(.text) refers to llushr.o(.text) for __aeabi_llsr
    init.o(.text) refers to entry5.o(.ARM.Collect$$$$00000004) for __main_after_scatterload


==============================================================================

Removing Unused input sections from the image.

    Removing startup_stm32f10x_hd.o(HEAP), (512 bytes).
    Removing main.o(.text), (36 bytes).
    Removing pbdata.o(.text), (90 bytes).
    Removing pbdata.o(.bss), (116 bytes).
    Removing stm32f10x_it.o(.data), (4 bytes).
    Removing lcd_ili9325.o(.text), (58 bytes).
    Removing lcd_ili9325.o(.text), (136 bytes).
    Removing lcd_ili9325.o(.bss), (116 bytes).
    Removing lcd_ili9325.o(.data), (4 bytes).
    Removing stm32_fsmc.o(.bss), (116 bytes).
    Removing stm32_fsmc.o(.data), (4 bytes).
    Removing key.o(.bss), (116 bytes).
    Removing key.o(.data), (4 bytes).
    Removing dht11.o(.bss), (116 bytes).
    Removing dht11.o(.data), (4 bytes).
    Removing rtc_time.o(.data), (4 bytes).
    Removing stm32f10x_gpio.o(.text), (200 bytes).
    Removing stm32f10x_gpio.o(.text), (20 bytes).
    Removing stm32f10x_gpio.o(.text), (16 bytes).
    Removing stm32f10x_gpio.o(.text), (8 bytes).
    Removing stm32f10x_gpio.o(.text), (18 bytes).
    Removing stm32f10x_gpio.o(.text), (8 bytes).
    Removing stm32f10x_gpio.o(.text), (10 bytes).
    Removing stm32f10x_gpio.o(.text), (4 bytes).
    Removing stm32f10x_gpio.o(.text), (18 bytes).
    Removing stm32f10x_gpio.o(.text), (32 bytes).
    Removing stm32f10x_gpio.o(.text), (12 bytes).
    Removing stm32f10x_gpio.o(.text), (144 bytes).
    Removing stm32f10x_gpio.o(.text), (64 bytes).
    Removing stm32f10x_gpio.o(.text), (12 bytes).
    Removing stm32f10x_rcc.o(.text), (76 bytes).
    Removing stm32f10x_rcc.o(.text), (76 bytes).
    Removing stm32f10x_rcc.o(.text), (56 bytes).
    Removing stm32f10x_rcc.o(.text), (24 bytes).
    Removing stm32f10x_rcc.o(.text), (12 bytes).
    Removing stm32f10x_rcc.o(.text), (28 bytes).
    Removing stm32f10x_rcc.o(.text), (12 bytes).
    Removing stm32f10x_rcc.o(.text), (24 bytes).
    Removing stm32f10x_rcc.o(.text), (16 bytes).
    Removing stm32f10x_rcc.o(.text), (24 bytes).
    Removing stm32f10x_rcc.o(.text), (24 bytes).
    Removing stm32f10x_rcc.o(.text), (24 bytes).
    Removing stm32f10x_rcc.o(.text), (32 bytes).
    Removing stm32f10x_rcc.o(.text), (12 bytes).
    Removing stm32f10x_rcc.o(.text), (12 bytes).
    Removing stm32f10x_rcc.o(.text), (32 bytes).
    Removing stm32f10x_rcc.o(.text), (32 bytes).
    Removing stm32f10x_rcc.o(.text), (12 bytes).
    Removing stm32f10x_rcc.o(.text), (12 bytes).
    Removing stm32f10x_rcc.o(.text), (12 bytes).
    Removing stm32f10x_rcc.o(.text), (24 bytes).
    Removing stm32f10x_rcc.o(.text), (12 bytes).
    Removing misc.o(.text), (20 bytes).
    Removing misc.o(.text), (32 bytes).
    Removing misc.o(.text), (40 bytes).
    Removing stm32f10x_exti.o(.text), (36 bytes).
    Removing stm32f10x_exti.o(.text), (148 bytes).
    Removing stm32f10x_exti.o(.text), (16 bytes).
    Removing stm32f10x_exti.o(.text), (16 bytes).
    Removing stm32f10x_exti.o(.text), (24 bytes).
    Removing stm32f10x_exti.o(.text), (12 bytes).
    Removing stm32f10x_exti.o(.text), (40 bytes).
    Removing stm32f10x_exti.o(.text), (12 bytes).
    Removing stm32f10x_tim.o(.text), (488 bytes).
    Removing stm32f10x_tim.o(.text), (164 bytes).
    Removing stm32f10x_tim.o(.text), (152 bytes).
    Removing stm32f10x_tim.o(.text), (164 bytes).
    Removing stm32f10x_tim.o(.text), (160 bytes).
    Removing stm32f10x_tim.o(.text), (124 bytes).
    Removing stm32f10x_tim.o(.text), (26 bytes).
    Removing stm32f10x_tim.o(.text), (512 bytes).
    Removing stm32f10x_tim.o(.text), (18 bytes).
    Removing stm32f10x_tim.o(.text), (26 bytes).
    Removing stm32f10x_tim.o(.text), (18 bytes).
    Removing stm32f10x_tim.o(.text), (172 bytes).
    Removing stm32f10x_tim.o(.text), (124 bytes).
    Removing stm32f10x_tim.o(.text), (32 bytes).
    Removing stm32f10x_tim.o(.text), (18 bytes).
    Removing stm32f10x_tim.o(.text), (20 bytes).
    Removing stm32f10x_tim.o(.text), (18 bytes).
    Removing stm32f10x_tim.o(.text), (18 bytes).
    Removing stm32f10x_tim.o(.text), (24 bytes).
    Removing stm32f10x_tim.o(.text), (30 bytes).
    Removing stm32f10x_tim.o(.text), (18 bytes).
    Removing stm32f10x_tim.o(.text), (4 bytes).
    Removing stm32f10x_tim.o(.text), (10 bytes).
    Removing stm32f10x_tim.o(.text), (18 bytes).
    Removing stm32f10x_tim.o(.text), (12 bytes).
    Removing stm32f10x_tim.o(.text), (18 bytes).
    Removing stm32f10x_tim.o(.text), (24 bytes).
    Removing stm32f10x_tim.o(.text), (62 bytes).
    Removing stm32f10x_tim.o(.text), (28 bytes).
    Removing stm32f10x_tim.o(.text), (54 bytes).
    Removing stm32f10x_tim.o(.text), (32 bytes).
    Removing stm32f10x_tim.o(.text), (6 bytes).
    Removing stm32f10x_tim.o(.text), (18 bytes).
    Removing stm32f10x_tim.o(.text), (66 bytes).
    Removing stm32f10x_tim.o(.text), (18 bytes).
    Removing stm32f10x_tim.o(.text), (26 bytes).
    Removing stm32f10x_tim.o(.text), (18 bytes).
    Removing stm32f10x_tim.o(.text), (26 bytes).
    Removing stm32f10x_tim.o(.text), (24 bytes).
    Removing stm32f10x_tim.o(.text), (24 bytes).
    Removing stm32f10x_tim.o(.text), (24 bytes).
    Removing stm32f10x_tim.o(.text), (24 bytes).
    Removing stm32f10x_tim.o(.text), (18 bytes).
    Removing stm32f10x_tim.o(.text), (26 bytes).
    Removing stm32f10x_tim.o(.text), (18 bytes).
    Removing stm32f10x_tim.o(.text), (26 bytes).
    Removing stm32f10x_tim.o(.text), (18 bytes).
    Removing stm32f10x_tim.o(.text), (26 bytes).
    Removing stm32f10x_tim.o(.text), (18 bytes).
    Removing stm32f10x_tim.o(.text), (26 bytes).
    Removing stm32f10x_tim.o(.text), (18 bytes).
    Removing stm32f10x_tim.o(.text), (24 bytes).
    Removing stm32f10x_tim.o(.text), (18 bytes).
    Removing stm32f10x_tim.o(.text), (24 bytes).
    Removing stm32f10x_tim.o(.text), (18 bytes).
    Removing stm32f10x_tim.o(.text), (18 bytes).
    Removing stm32f10x_tim.o(.text), (26 bytes).
    Removing stm32f10x_tim.o(.text), (26 bytes).
    Removing stm32f10x_tim.o(.text), (26 bytes).
    Removing stm32f10x_tim.o(.text), (26 bytes).
    Removing stm32f10x_tim.o(.text), (26 bytes).
    Removing stm32f10x_tim.o(.text), (30 bytes).
    Removing stm32f10x_tim.o(.text), (30 bytes).
    Removing stm32f10x_tim.o(.text), (82 bytes).
    Removing stm32f10x_tim.o(.text), (24 bytes).
    Removing stm32f10x_tim.o(.text), (24 bytes).
    Removing stm32f10x_tim.o(.text), (24 bytes).
    Removing stm32f10x_tim.o(.text), (18 bytes).
    Removing stm32f10x_tim.o(.text), (18 bytes).
    Removing stm32f10x_tim.o(.text), (18 bytes).
    Removing stm32f10x_tim.o(.text), (18 bytes).
    Removing stm32f10x_tim.o(.text), (4 bytes).
    Removing stm32f10x_tim.o(.text), (4 bytes).
    Removing stm32f10x_tim.o(.text), (4 bytes).
    Removing stm32f10x_tim.o(.text), (4 bytes).
    Removing stm32f10x_tim.o(.text), (4 bytes).
    Removing stm32f10x_tim.o(.text), (6 bytes).
    Removing stm32f10x_tim.o(.text), (18 bytes).
    Removing stm32f10x_tim.o(.text), (6 bytes).
    Removing stm32f10x_tim.o(.text), (6 bytes).
    Removing stm32f10x_tim.o(.text), (6 bytes).
    Removing stm32f10x_tim.o(.text), (8 bytes).
    Removing stm32f10x_tim.o(.text), (6 bytes).
    Removing stm32f10x_tim.o(.text), (6 bytes).
    Removing stm32f10x_tim.o(.text), (18 bytes).
    Removing stm32f10x_tim.o(.text), (6 bytes).
    Removing stm32f10x_tim.o(.text), (34 bytes).
    Removing stm32f10x_tim.o(.text), (6 bytes).
    Removing stm32f10x_usart.o(.text), (156 bytes).
    Removing stm32f10x_usart.o(.text), (24 bytes).
    Removing stm32f10x_usart.o(.text), (34 bytes).
    Removing stm32f10x_usart.o(.text), (12 bytes).
    Removing stm32f10x_usart.o(.text), (18 bytes).
    Removing stm32f10x_usart.o(.text), (18 bytes).
    Removing stm32f10x_usart.o(.text), (18 bytes).
    Removing stm32f10x_usart.o(.text), (24 bytes).
    Removing stm32f10x_usart.o(.text), (18 bytes).
    Removing stm32f10x_usart.o(.text), (24 bytes).
    Removing stm32f10x_usart.o(.text), (10 bytes).
    Removing stm32f10x_usart.o(.text), (16 bytes).
    Removing stm32f10x_usart.o(.text), (16 bytes).
    Removing stm32f10x_usart.o(.text), (24 bytes).
    Removing stm32f10x_usart.o(.text), (24 bytes).
    Removing stm32f10x_usart.o(.text), (24 bytes).
    Removing stm32f10x_usart.o(.text), (22 bytes).
    Removing stm32f10x_usart.o(.text), (24 bytes).
    Removing stm32f10x_usart.o(.text), (18 bytes).
    Removing stm32f10x_usart.o(.text), (24 bytes).
    Removing stm32f10x_usart.o(.text), (30 bytes).
    Removing stm32f10x_bkp.o(.text), (16 bytes).
    Removing stm32f10x_bkp.o(.text), (12 bytes).
    Removing stm32f10x_bkp.o(.text), (12 bytes).
    Removing stm32f10x_bkp.o(.text), (12 bytes).
    Removing stm32f10x_bkp.o(.text), (28 bytes).
    Removing stm32f10x_bkp.o(.text), (28 bytes).
    Removing stm32f10x_bkp.o(.text), (12 bytes).
    Removing stm32f10x_bkp.o(.text), (20 bytes).
    Removing stm32f10x_bkp.o(.text), (12 bytes).
    Removing stm32f10x_bkp.o(.text), (20 bytes).
    Removing stm32f10x_pwr.o(.text), (22 bytes).
    Removing stm32f10x_pwr.o(.text), (12 bytes).
    Removing stm32f10x_pwr.o(.text), (24 bytes).
    Removing stm32f10x_pwr.o(.text), (12 bytes).
    Removing stm32f10x_pwr.o(.text), (64 bytes).
    Removing stm32f10x_pwr.o(.text), (52 bytes).
    Removing stm32f10x_pwr.o(.text), (24 bytes).
    Removing stm32f10x_pwr.o(.text), (20 bytes).
    Removing stm32f10x_rtc.o(.text), (28 bytes).
    Removing stm32f10x_rtc.o(.text), (24 bytes).
    Removing stm32f10x_rtc.o(.text), (24 bytes).
    Removing stm32f10x_rtc.o(.text), (16 bytes).
    Removing stm32f10x_fsmc.o(.text), (56 bytes).
    Removing stm32f10x_fsmc.o(.text), (72 bytes).
    Removing stm32f10x_fsmc.o(.text), (48 bytes).
    Removing stm32f10x_fsmc.o(.text), (140 bytes).
    Removing stm32f10x_fsmc.o(.text), (136 bytes).
    Removing stm32f10x_fsmc.o(.text), (114 bytes).
    Removing stm32f10x_fsmc.o(.text), (54 bytes).
    Removing stm32f10x_fsmc.o(.text), (60 bytes).
    Removing stm32f10x_fsmc.o(.text), (92 bytes).
    Removing stm32f10x_fsmc.o(.text), (48 bytes).
    Removing stm32f10x_fsmc.o(.text), (92 bytes).
    Removing stm32f10x_fsmc.o(.text), (28 bytes).
    Removing stm32f10x_fsmc.o(.text), (136 bytes).
    Removing stm32f10x_fsmc.o(.text), (56 bytes).
    Removing stm32f10x_fsmc.o(.text), (72 bytes).
    Removing stm32f10x_fsmc.o(.text), (68 bytes).
    Removing stm32f10x_fsmc.o(.text), (72 bytes).
    Removing stm32f10x_adc.o(.text), (92 bytes).
    Removing stm32f10x_adc.o(.text), (18 bytes).
    Removing stm32f10x_adc.o(.text), (22 bytes).
    Removing stm32f10x_adc.o(.text), (24 bytes).
    Removing stm32f10x_adc.o(.text), (20 bytes).
    Removing stm32f10x_adc.o(.text), (24 bytes).
    Removing stm32f10x_adc.o(.text), (22 bytes).
    Removing stm32f10x_adc.o(.text), (22 bytes).
    Removing stm32f10x_adc.o(.text), (12 bytes).
    Removing stm32f10x_adc.o(.text), (22 bytes).
    Removing stm32f10x_adc.o(.text), (22 bytes).
    Removing stm32f10x_adc.o(.text), (16 bytes).
    Removing stm32f10x_adc.o(.text), (22 bytes).
    Removing stm32f10x_adc.o(.text), (22 bytes).
    Removing stm32f10x_adc.o(.text), (20 bytes).
    Removing stm32f10x_adc.o(.text), (130 bytes).
    Removing stm32f10x_adc.o(.text), (24 bytes).
    Removing stm32f10x_adc.o(.text), (20 bytes).
    Removing stm32f10x_adc.o(.text), (28 bytes).
    Removing stm32f10x_adc.o(.text), (20 bytes).
    Removing stm32f10x_adc.o(.text), (6 bytes).
    Removing stm32f10x_adc.o(.text), (16 bytes).
    Removing stm32f10x_adc.o(.text), (36 bytes).
    Removing stm32f10x_adc.o(.text), (18 bytes).
    Removing stm32f10x_adc.o(.text), (6 bytes).
    Removing stm32f10x_adc.o(.text), (36 bytes).
    Removing stm32f10x_adc.o(.text), (10 bytes).
    Removing core_cm3.o(.emb_text), (32 bytes).
    Removing system_stm32f10x.o(.text), (164 bytes).
    Removing system_stm32f10x.o(.data), (20 bytes).

241 unused section(s) (total 10068 bytes) removed from the image.

==============================================================================

Image Symbol Table

    Local Symbols

    Symbol Name                              Value     Ov Type        Size  Object(Section)

    ../clib/microlib/init/entry.s            0x00000000   Number         0  entry9b.o ABSOLUTE
    ../clib/microlib/init/entry.s            0x00000000   Number         0  entry11b.o ABSOLUTE
    ../clib/microlib/init/entry.s            0x00000000   Number         0  entry10b.o ABSOLUTE
    ../clib/microlib/init/entry.s            0x00000000   Number         0  entry10a.o ABSOLUTE
    ../clib/microlib/init/entry.s            0x00000000   Number         0  entry8b.o ABSOLUTE
    ../clib/microlib/init/entry.s            0x00000000   Number         0  entry9a.o ABSOLUTE
    ../clib/microlib/init/entry.s            0x00000000   Number         0  entry11a.o ABSOLUTE
    ../clib/microlib/init/entry.s            0x00000000   Number         0  entry8a.o ABSOLUTE
    ../clib/microlib/init/entry.s            0x00000000   Number         0  entry7b.o ABSOLUTE
    ../clib/microlib/init/entry.s            0x00000000   Number         0  entry7a.o ABSOLUTE
    ../clib/microlib/init/entry.s            0x00000000   Number         0  entry.o ABSOLUTE
    ../clib/microlib/init/entry.s            0x00000000   Number         0  entry5.o ABSOLUTE
    ../clib/microlib/init/entry.s            0x00000000   Number         0  entry2.o ABSOLUTE
    ../clib/microlib/longlong.c              0x00000000   Number         0  llushr.o ABSOLUTE
    ../clib/microlib/longlong.c              0x00000000   Number         0  llshl.o ABSOLUTE
    ../clib/microlib/stubs.s                 0x00000000   Number         0  iusefp.o ABSOLUTE
    ../fplib/microlib/fpepilogue.c           0x00000000   Number         0  depilogue.o ABSOLUTE
    ../fplib/microlib/fpfix.c                0x00000000   Number         0  dfixi.o ABSOLUTE
    ../fplib/microlib/fpflt.c                0x00000000   Number         0  dflti.o ABSOLUTE
    ../fplib/microlib/fpmul.c                0x00000000   Number         0  dmul.o ABSOLUTE
    ASM\startup_stm32f10x_hd.s               0x00000000   Number         0  startup_stm32f10x_hd.o ABSOLUTE
    Lib\SRC\misc.c                           0x00000000   Number         0  misc.o ABSOLUTE
    Lib\SRC\stm32f10x_adc.c                  0x00000000   Number         0  stm32f10x_adc.o ABSOLUTE
    Lib\SRC\stm32f10x_bkp.c                  0x00000000   Number         0  stm32f10x_bkp.o ABSOLUTE
    Lib\SRC\stm32f10x_exti.c                 0x00000000   Number         0  stm32f10x_exti.o ABSOLUTE
    Lib\SRC\stm32f10x_fsmc.c                 0x00000000   Number         0  stm32f10x_fsmc.o ABSOLUTE
    Lib\SRC\stm32f10x_gpio.c                 0x00000000   Number         0  stm32f10x_gpio.o ABSOLUTE
    Lib\SRC\stm32f10x_pwr.c                  0x00000000   Number         0  stm32f10x_pwr.o ABSOLUTE
    Lib\SRC\stm32f10x_rcc.c                  0x00000000   Number         0  stm32f10x_rcc.o ABSOLUTE
    Lib\SRC\stm32f10x_rtc.c                  0x00000000   Number         0  stm32f10x_rtc.o ABSOLUTE
    Lib\SRC\stm32f10x_tim.c                  0x00000000   Number         0  stm32f10x_tim.o ABSOLUTE
    Lib\SRC\stm32f10x_usart.c                0x00000000   Number         0  stm32f10x_usart.o ABSOLUTE
    System\\core_cm3.c                       0x00000000   Number         0  core_cm3.o ABSOLUTE
    System\core_cm3.c                        0x00000000   Number         0  core_cm3.o ABSOLUTE
    System\system_stm32f10x.c                0x00000000   Number         0  system_stm32f10x.o ABSOLUTE
    USR\DHT11.c                              0x00000000   Number         0  dht11.o ABSOLUTE
    USR\key.c                                0x00000000   Number         0  key.o ABSOLUTE
    USR\lcd_ILI9325.c                        0x00000000   Number         0  lcd_ili9325.o ABSOLUTE
    USR\main.c                               0x00000000   Number         0  main.o ABSOLUTE
    USR\pbdata.c                             0x00000000   Number         0  pbdata.o ABSOLUTE
    USR\rtc_time.c                           0x00000000   Number         0  rtc_time.o ABSOLUTE
    USR\stm32_fsmc.c                         0x00000000   Number         0  stm32_fsmc.o ABSOLUTE
    USR\stm32f10x_it.c                       0x00000000   Number         0  stm32f10x_it.o ABSOLUTE
    dc.s                                     0x00000000   Number         0  dc.o ABSOLUTE
    handlers.s                               0x00000000   Number         0  handlers.o ABSOLUTE
    init.s                                   0x00000000   Number         0  init.o ABSOLUTE
    RESET                                    0x08000000   Section      304  startup_stm32f10x_hd.o(RESET)
    .ARM.Collect$$$$00000000                 0x08000130   Section        0  entry.o(.ARM.Collect$$$$00000000)
    .ARM.Collect$$$$00000001                 0x08000130   Section        4  entry2.o(.ARM.Collect$$$$00000001)
    .ARM.Collect$$$$00000004                 0x08000134   Section        4  entry5.o(.ARM.Collect$$$$00000004)
    .ARM.Collect$$$$00000008                 0x08000138   Section        0  entry7b.o(.ARM.Collect$$$$00000008)
    .ARM.Collect$$$$0000000A                 0x08000138   Section        0  entry8b.o(.ARM.Collect$$$$0000000A)
    .ARM.Collect$$$$0000000B                 0x08000138   Section        8  entry9a.o(.ARM.Collect$$$$0000000B)
    .ARM.Collect$$$$0000000D                 0x08000140   Section        0  entry10a.o(.ARM.Collect$$$$0000000D)
    .ARM.Collect$$$$0000000F                 0x08000140   Section        0  entry11a.o(.ARM.Collect$$$$0000000F)
    .ARM.Collect$$$$00002712                 0x08000140   Section        4  entry2.o(.ARM.Collect$$$$00002712)
    __lit__00000000                          0x08000140   Data           4  entry2.o(.ARM.Collect$$$$00002712)
    .text                                    0x08000144   Section       36  startup_stm32f10x_hd.o(.text)
    .text                                    0x08000168   Section        0  main.o(.text)
    .text                                    0x08000b78   Section        0  pbdata.o(.text)
    .text                                    0x08000bec   Section        0  stm32f10x_it.o(.text)
    .text                                    0x08000ea8   Section        0  lcd_ili9325.o(.text)
    .text                                    0x08001350   Section        0  stm32_fsmc.o(.text)
    .text                                    0x080013ac   Section        0  key.o(.text)
    .text                                    0x08001620   Section        0  dht11.o(.text)
    .text                                    0x080017a8   Section        0  rtc_time.o(.text)
    .text                                    0x08001bc4   Section        0  stm32f10x_gpio.o(.text)
    .text                                    0x08001cf0   Section        0  stm32f10x_rcc.o(.text)
    .text                                    0x08001eb0   Section        0  misc.o(.text)
    .text                                    0x08001f30   Section        0  stm32f10x_usart.o(.text)
    .text                                    0x080020fc   Section        0  stm32f10x_bkp.o(.text)
    .text                                    0x08002130   Section        0  stm32f10x_pwr.o(.text)
    .text                                    0x0800213c   Section        0  stm32f10x_rtc.o(.text)
    .text                                    0x0800222c   Section        0  stm32f10x_fsmc.o(.text)
    .text                                    0x08002340   Section        0  stm32f10x_adc.o(.text)
    .text                                    0x080024b8   Section        0  system_stm32f10x.o(.text)
    SetSysClockTo72                          0x080024b9   Thumb Code   212  system_stm32f10x.o(.text)
    SetSysClock                              0x0800258d   Thumb Code     8  system_stm32f10x.o(.text)
    .text                                    0x080025f8   Section        0  dmul.o(.text)
    .text                                    0x080026dc   Section        0  dflti.o(.text)
    .text                                    0x080026fe   Section        0  dfixi.o(.text)
    .text                                    0x0800273c   Section        0  llushr.o(.text)
    .text                                    0x0800275c   Section        0  iusefp.o(.text)
    .text                                    0x0800275c   Section        0  depilogue.o(.text)
    .text                                    0x0800281c   Section       36  init.o(.text)
    .text                                    0x08002840   Section        0  llshl.o(.text)
    i.__scatterload_copy                     0x0800285e   Section       14  handlers.o(i.__scatterload_copy)
    i.__scatterload_null                     0x0800286c   Section        2  handlers.o(i.__scatterload_null)
    i.__scatterload_zeroinit                 0x0800286e   Section       14  handlers.o(i.__scatterload_zeroinit)
    .constdata                               0x0800287c   Section     2280  lcd_ili9325.o(.constdata)
    .constdata                               0x08003164   Section       24  rtc_time.o(.constdata)
    .data                                    0x20000000   Section       20  main.o(.data)
    con                                      0x20000000   Data           4  main.o(.data)
    .data                                    0x20000014   Section        6  pbdata.o(.data)
    con                                      0x20000014   Data           4  pbdata.o(.data)
    .data                                    0x2000001a   Section       20  stm32f10x_rcc.o(.data)
    APBAHBPrescTable                         0x2000001a   Data          16  stm32f10x_rcc.o(.data)
    ADCPrescTable                            0x2000002a   Data           4  stm32f10x_rcc.o(.data)
    .bss                                     0x20000030   Section      116  main.o(.bss)
    a                                        0x20000030   Data          60  main.o(.bss)
    a1                                       0x2000006c   Data          56  main.o(.bss)
    .bss                                     0x200000a4   Section      116  stm32f10x_it.o(.bss)
    a                                        0x200000a4   Data          60  stm32f10x_it.o(.bss)
    a1                                       0x200000e0   Data          56  stm32f10x_it.o(.bss)
    .bss                                     0x20000118   Section      144  rtc_time.o(.bss)
    a                                        0x20000118   Data          60  rtc_time.o(.bss)
    a1                                       0x20000154   Data          56  rtc_time.o(.bss)
    Real_Time                                0x2000018c   Data          28  rtc_time.o(.bss)
    STACK                                    0x200001a8   Section     1024  startup_stm32f10x_hd.o(STACK)

    Global Symbols

    Symbol Name                              Value     Ov Type        Size  Object(Section)

    BuildAttributes$$THM_ISAv4$P$D$K$B$S$PE$A:L22UL41UL21$X:L11$S22US41US21$IEEE1$IW$USESV6$~STKCKD$USESV7$~SHL$OSPACE$ROPI$EBA8$MICROLIB$REQ8$PRES8$EABIv2 0x00000000   Number         0  anon$$obj.o ABSOLUTE
    __ARM_use_no_argv                        0x00000000   Number         0  main.o ABSOLUTE
    __cpp_initialize__aeabi_                  - Undefined Weak Reference
    __cxa_finalize                            - Undefined Weak Reference
    __decompress                              - Undefined Weak Reference
    _clock_init                               - Undefined Weak Reference
    _microlib_exit                            - Undefined Weak Reference
    __Vectors_Size                           0x00000130   Number         0  startup_stm32f10x_hd.o ABSOLUTE
    __Vectors                                0x08000000   Data           4  startup_stm32f10x_hd.o(RESET)
    __Vectors_End                            0x08000130   Data           0  startup_stm32f10x_hd.o(RESET)
    __main                                   0x08000131   Thumb Code     0  entry.o(.ARM.Collect$$$$00000000)
    _main_stk                                0x08000131   Thumb Code     0  entry2.o(.ARM.Collect$$$$00000001)
    _main_scatterload                        0x08000135   Thumb Code     0  entry5.o(.ARM.Collect$$$$00000004)
    __main_after_scatterload                 0x08000139   Thumb Code     0  entry5.o(.ARM.Collect$$$$00000004)
    _main_clock                              0x08000139   Thumb Code     0  entry7b.o(.ARM.Collect$$$$00000008)
    _main_cpp_init                           0x08000139   Thumb Code     0  entry8b.o(.ARM.Collect$$$$0000000A)
    _main_init                               0x08000139   Thumb Code     0  entry9a.o(.ARM.Collect$$$$0000000B)
    __rt_final_cpp                           0x08000141   Thumb Code     0  entry10a.o(.ARM.Collect$$$$0000000D)
    __rt_final_exit                          0x08000141   Thumb Code     0  entry11a.o(.ARM.Collect$$$$0000000F)
    Reset_Handler                            0x08000145   Thumb Code     8  startup_stm32f10x_hd.o(.text)
    ADC1_2_IRQHandler                        0x0800015f   Thumb Code     0  startup_stm32f10x_hd.o(.text)
    ADC3_IRQHandler                          0x0800015f   Thumb Code     0  startup_stm32f10x_hd.o(.text)
    CAN1_RX1_IRQHandler                      0x0800015f   Thumb Code     0  startup_stm32f10x_hd.o(.text)
    CAN1_SCE_IRQHandler                      0x0800015f   Thumb Code     0  startup_stm32f10x_hd.o(.text)
    DMA1_Channel1_IRQHandler                 0x0800015f   Thumb Code     0  startup_stm32f10x_hd.o(.text)
    DMA1_Channel2_IRQHandler                 0x0800015f   Thumb Code     0  startup_stm32f10x_hd.o(.text)
    DMA1_Channel3_IRQHandler                 0x0800015f   Thumb Code     0  startup_stm32f10x_hd.o(.text)
    DMA1_Channel4_IRQHandler                 0x0800015f   Thumb Code     0  startup_stm32f10x_hd.o(.text)
    DMA1_Channel5_IRQHandler                 0x0800015f   Thumb Code     0  startup_stm32f10x_hd.o(.text)
    DMA1_Channel6_IRQHandler                 0x0800015f   Thumb Code     0  startup_stm32f10x_hd.o(.text)
    DMA1_Channel7_IRQHandler                 0x0800015f   Thumb Code     0  startup_stm32f10x_hd.o(.text)
    DMA2_Channel1_IRQHandler                 0x0800015f   Thumb Code     0  startup_stm32f10x_hd.o(.text)
    DMA2_Channel2_IRQHandler                 0x0800015f   Thumb Code     0  startup_stm32f10x_hd.o(.text)
    DMA2_Channel3_IRQHandler                 0x0800015f   Thumb Code     0  startup_stm32f10x_hd.o(.text)
    DMA2_Channel4_5_IRQHandler               0x0800015f   Thumb Code     0  startup_stm32f10x_hd.o(.text)
    EXTI0_IRQHandler                         0x0800015f   Thumb Code     0  startup_stm32f10x_hd.o(.text)
    EXTI15_10_IRQHandler                     0x0800015f   Thumb Code     0  startup_stm32f10x_hd.o(.text)
    EXTI4_IRQHandler                         0x0800015f   Thumb Code     0  startup_stm32f10x_hd.o(.text)
    FLASH_IRQHandler                         0x0800015f   Thumb Code     0  startup_stm32f10x_hd.o(.text)
    FSMC_IRQHandler                          0x0800015f   Thumb Code     0  startup_stm32f10x_hd.o(.text)
    I2C1_ER_IRQHandler                       0x0800015f   Thumb Code     0  startup_stm32f10x_hd.o(.text)
    I2C1_EV_IRQHandler                       0x0800015f   Thumb Code     0  startup_stm32f10x_hd.o(.text)
    I2C2_ER_IRQHandler                       0x0800015f   Thumb Code     0  startup_stm32f10x_hd.o(.text)
    I2C2_EV_IRQHandler                       0x0800015f   Thumb Code     0  startup_stm32f10x_hd.o(.text)
    PVD_IRQHandler                           0x0800015f   Thumb Code     0  startup_stm32f10x_hd.o(.text)
    RCC_IRQHandler                           0x0800015f   Thumb Code     0  startup_stm32f10x_hd.o(.text)
    RTCAlarm_IRQHandler                      0x0800015f   Thumb Code     0  startup_stm32f10x_hd.o(.text)
    SDIO_IRQHandler                          0x0800015f   Thumb Code     0  startup_stm32f10x_hd.o(.text)
    SPI1_IRQHandler                          0x0800015f   Thumb Code     0  startup_stm32f10x_hd.o(.text)
    SPI2_IRQHandler                          0x0800015f   Thumb Code     0  startup_stm32f10x_hd.o(.text)
    SPI3_IRQHandler                          0x0800015f   Thumb Code     0  startup_stm32f10x_hd.o(.text)
    TAMPER_IRQHandler                        0x0800015f   Thumb Code     0  startup_stm32f10x_hd.o(.text)
    TIM1_BRK_IRQHandler                      0x0800015f   Thumb Code     0  startup_stm32f10x_hd.o(.text)
    TIM1_CC_IRQHandler                       0x0800015f   Thumb Code     0  startup_stm32f10x_hd.o(.text)
    TIM1_TRG_COM_IRQHandler                  0x0800015f   Thumb Code     0  startup_stm32f10x_hd.o(.text)
    TIM1_UP_IRQHandler                       0x0800015f   Thumb Code     0  startup_stm32f10x_hd.o(.text)
    TIM2_IRQHandler                          0x0800015f   Thumb Code     0  startup_stm32f10x_hd.o(.text)
    TIM4_IRQHandler                          0x0800015f   Thumb Code     0  startup_stm32f10x_hd.o(.text)
    TIM5_IRQHandler                          0x0800015f   Thumb Code     0  startup_stm32f10x_hd.o(.text)
    TIM6_IRQHandler                          0x0800015f   Thumb Code     0  startup_stm32f10x_hd.o(.text)
    TIM7_IRQHandler                          0x0800015f   Thumb Code     0  startup_stm32f10x_hd.o(.text)
    TIM8_BRK_IRQHandler                      0x0800015f   Thumb Code     0  startup_stm32f10x_hd.o(.text)
    TIM8_CC_IRQHandler                       0x0800015f   Thumb Code     0  startup_stm32f10x_hd.o(.text)
    TIM8_TRG_COM_IRQHandler                  0x0800015f   Thumb Code     0  startup_stm32f10x_hd.o(.text)
    TIM8_UP_IRQHandler                       0x0800015f   Thumb Code     0  startup_stm32f10x_hd.o(.text)
    UART4_IRQHandler                         0x0800015f   Thumb Code     0  startup_stm32f10x_hd.o(.text)
    UART5_IRQHandler                         0x0800015f   Thumb Code     0  startup_stm32f10x_hd.o(.text)
    USART2_IRQHandler                        0x0800015f   Thumb Code     0  startup_stm32f10x_hd.o(.text)
    USART3_IRQHandler                        0x0800015f   Thumb Code     0  startup_stm32f10x_hd.o(.text)
    USBWakeUp_IRQHandler                     0x0800015f   Thumb Code     0  startup_stm32f10x_hd.o(.text)
    USB_HP_CAN1_TX_IRQHandler                0x0800015f   Thumb Code     0  startup_stm32f10x_hd.o(.text)
    USB_LP_CAN1_RX0_IRQHandler               0x0800015f   Thumb Code     0  startup_stm32f10x_hd.o(.text)
    WWDG_IRQHandler                          0x0800015f   Thumb Code     0  startup_stm32f10x_hd.o(.text)
    Start_Ad                                 0x08000169   Thumb Code   512  main.o(.text)
    match                                    0x08000369   Thumb Code   100  main.o(.text)
    KEY_IN                                   0x080003cd   Thumb Code    46  main.o(.text)
    ADC_Configuration                        0x080003fb   Thumb Code   208  main.o(.text)
    NVIC_Configuration                       0x080004cb   Thumb Code    70  main.o(.text)
    USART_Configuration                      0x08000511   Thumb Code   108  main.o(.text)
    GPIO_Configuration                       0x0800057d   Thumb Code   372  main.o(.text)
    RCC_Configuration                        0x080006f1   Thumb Code   104  main.o(.text)
    main                                     0x08000759   Thumb Code  1042  main.o(.text)
    delay                                    0x08000b79   Thumb Code    10  pbdata.o(.text)
    delay_us                                 0x08000b83   Thumb Code    52  pbdata.o(.text)
    delay_ms                                 0x08000bb7   Thumb Code    54  pbdata.o(.text)
    NMI_Handler                              0x08000bed   Thumb Code     2  stm32f10x_it.o(.text)
    USART1_IRQHandler                        0x08000bef   Thumb Code    46  stm32f10x_it.o(.text)
    HardFault_Handler                        0x08000c1d   Thumb Code     4  stm32f10x_it.o(.text)
    MemManage_Handler                        0x08000c21   Thumb Code     4  stm32f10x_it.o(.text)
    BusFault_Handler                         0x08000c25   Thumb Code     4  stm32f10x_it.o(.text)
    UsageFault_Handler                       0x08000c29   Thumb Code     4  stm32f10x_it.o(.text)
    SVC_Handler                              0x08000c2d   Thumb Code     2  stm32f10x_it.o(.text)
    DebugMon_Handler                         0x08000c2f   Thumb Code     2  stm32f10x_it.o(.text)
    PendSV_Handler                           0x08000c31   Thumb Code     2  stm32f10x_it.o(.text)
    SysTick_Handler                          0x08000c33   Thumb Code     2  stm32f10x_it.o(.text)
    TIM3_IRQHandler                          0x08000c35   Thumb Code     2  stm32f10x_it.o(.text)
    EXTI9_5_IRQHandler                       0x08000c37   Thumb Code     2  stm32f10x_it.o(.text)
    EXTI1_IRQHandler                         0x08000c39   Thumb Code     2  stm32f10x_it.o(.text)
    EXTI2_IRQHandler                         0x08000c3b   Thumb Code     2  stm32f10x_it.o(.text)
    EXTI3_IRQHandler                         0x08000c3d   Thumb Code     2  stm32f10x_it.o(.text)
    RTC_IRQHandler                           0x08000c3f   Thumb Code   604  stm32f10x_it.o(.text)
    LCD_WR_REG                               0x08000ea9   Thumb Code     8  lcd_ili9325.o(.text)
    LCD_WR_Data                              0x08000eb1   Thumb Code     6  lcd_ili9325.o(.text)
    LCD_WR_CMD                               0x08000eb7   Thumb Code    12  lcd_ili9325.o(.text)
    ILI9325_Init                             0x08000ec3   Thumb Code   498  lcd_ili9325.o(.text)
    ILI_9325_Draw_Point                      0x080010b5   Thumb Code    70  lcd_ili9325.o(.text)
    ILI_9325_CLEAR                           0x080010fb   Thumb Code    46  lcd_ili9325.o(.text)
    show_Font                                0x08001129   Thumb Code   132  lcd_ili9325.o(.text)
    show_Str                                 0x080011ad   Thumb Code   132  lcd_ili9325.o(.text)
    show_Str1                                0x08001231   Thumb Code   152  lcd_ili9325.o(.text)
    show_Font1                               0x080012c9   Thumb Code   132  lcd_ili9325.o(.text)
    FSMC_Configuration                       0x08001351   Thumb Code    92  stm32_fsmc.o(.text)
    KEY_Scanf                                0x080013ad   Thumb Code   614  key.o(.text)
    DHT11_IO_IN                              0x08001621   Thumb Code    24  dht11.o(.text)
    DHT11_IO_OUT                             0x08001639   Thumb Code    30  dht11.o(.text)
    DHT11_Rst                                0x08001657   Thumb Code    36  dht11.o(.text)
    DHT11_Check                              0x0800167b   Thumb Code    84  dht11.o(.text)
    DHT11_Read_Bit                           0x080016cf   Thumb Code    84  dht11.o(.text)
    DHT11_Read_Byte                          0x08001723   Thumb Code    30  dht11.o(.text)
    DHT11_Read_Data                          0x08001741   Thumb Code    88  dht11.o(.text)
    DHT11_Init                               0x08001799   Thumb Code    12  dht11.o(.text)
    RTC_Configuration                        0x080017a9   Thumb Code    90  rtc_time.o(.text)
    GetRTCTime                               0x08001803   Thumb Code    72  rtc_time.o(.text)
    RTC2Time                                 0x0800184b   Thumb Code   310  rtc_time.o(.text)
    GetDate                                  0x08001981   Thumb Code    74  rtc_time.o(.text)
    SetRTCTime                               0x080019cb   Thumb Code   172  rtc_time.o(.text)
    RTCTick                                  0x08001a77   Thumb Code   212  rtc_time.o(.text)
    Clock_Init                               0x08001b4b   Thumb Code   104  rtc_time.o(.text)
    GPIO_Init                                0x08001bc5   Thumb Code   274  stm32f10x_gpio.o(.text)
    GPIO_ReadInputDataBit                    0x08001cd7   Thumb Code    18  stm32f10x_gpio.o(.text)
    GPIO_SetBits                             0x08001ce9   Thumb Code     4  stm32f10x_gpio.o(.text)
    GPIO_ResetBits                           0x08001ced   Thumb Code     4  stm32f10x_gpio.o(.text)
    RCC_GetFlagStatus                        0x08001cf1   Thumb Code    56  stm32f10x_rcc.o(.text)
    RCC_ADCCLKConfig                         0x08001d29   Thumb Code    18  stm32f10x_rcc.o(.text)
    RCC_LSEConfig                            0x08001d3b   Thumb Code    44  stm32f10x_rcc.o(.text)
    RCC_RTCCLKConfig                         0x08001d67   Thumb Code    12  stm32f10x_rcc.o(.text)
    RCC_RTCCLKCmd                            0x08001d73   Thumb Code     6  stm32f10x_rcc.o(.text)
    RCC_GetClocksFreq                        0x08001d79   Thumb Code   192  stm32f10x_rcc.o(.text)
    RCC_AHBPeriphClockCmd                    0x08001e39   Thumb Code    26  stm32f10x_rcc.o(.text)
    RCC_APB2PeriphClockCmd                   0x08001e53   Thumb Code    26  stm32f10x_rcc.o(.text)
    RCC_APB1PeriphClockCmd                   0x08001e6d   Thumb Code    26  stm32f10x_rcc.o(.text)
    RCC_ClearFlag                            0x08001e87   Thumb Code    14  stm32f10x_rcc.o(.text)
    NVIC_PriorityGroupConfig                 0x08001eb1   Thumb Code    10  misc.o(.text)
    NVIC_Init                                0x08001ebb   Thumb Code   102  misc.o(.text)
    USART_Init                               0x08001f31   Thumb Code   210  stm32f10x_usart.o(.text)
    USART_Cmd                                0x08002003   Thumb Code    24  stm32f10x_usart.o(.text)
    USART_ITConfig                           0x0800201b   Thumb Code    74  stm32f10x_usart.o(.text)
    USART_SendData                           0x08002065   Thumb Code     8  stm32f10x_usart.o(.text)
    USART_ReceiveData                        0x0800206d   Thumb Code    10  stm32f10x_usart.o(.text)
    USART_GetFlagStatus                      0x08002077   Thumb Code    26  stm32f10x_usart.o(.text)
    USART_ClearFlag                          0x08002091   Thumb Code    18  stm32f10x_usart.o(.text)
    USART_GetITStatus                        0x080020a3   Thumb Code    84  stm32f10x_usart.o(.text)
    BKP_WriteBackupRegister                  0x080020fd   Thumb Code    22  stm32f10x_bkp.o(.text)
    BKP_ReadBackupRegister                   0x08002113   Thumb Code    24  stm32f10x_bkp.o(.text)
    PWR_BackupAccessCmd                      0x08002131   Thumb Code     6  stm32f10x_pwr.o(.text)
    RTC_ITConfig                             0x0800213d   Thumb Code    26  stm32f10x_rtc.o(.text)
    RTC_EnterConfigMode                      0x08002157   Thumb Code    18  stm32f10x_rtc.o(.text)
    RTC_ExitConfigMode                       0x08002169   Thumb Code    20  stm32f10x_rtc.o(.text)
    RTC_GetCounter                           0x0800217d   Thumb Code    18  stm32f10x_rtc.o(.text)
    RTC_SetCounter                           0x0800218f   Thumb Code    26  stm32f10x_rtc.o(.text)
    RTC_SetPrescaler                         0x080021a9   Thumb Code    28  stm32f10x_rtc.o(.text)
    RTC_WaitForLastTask                      0x080021c5   Thumb Code    16  stm32f10x_rtc.o(.text)
    RTC_WaitForSynchro                       0x080021d5   Thumb Code    34  stm32f10x_rtc.o(.text)
    RTC_GetITStatus                          0x080021f7   Thumb Code    32  stm32f10x_rtc.o(.text)
    RTC_ClearITPendingBit                    0x08002217   Thumb Code    16  stm32f10x_rtc.o(.text)
    FSMC_NORSRAMInit                         0x0800222d   Thumb Code   224  stm32f10x_fsmc.o(.text)
    FSMC_NORSRAMCmd                          0x0800230d   Thumb Code    46  stm32f10x_fsmc.o(.text)
    ADC_Init                                 0x08002341   Thumb Code    70  stm32f10x_adc.o(.text)
    ADC_Cmd                                  0x08002387   Thumb Code    22  stm32f10x_adc.o(.text)
    ADC_ResetCalibration                     0x0800239d   Thumb Code    10  stm32f10x_adc.o(.text)
    ADC_GetResetCalibrationStatus            0x080023a7   Thumb Code    20  stm32f10x_adc.o(.text)
    ADC_StartCalibration                     0x080023bb   Thumb Code    10  stm32f10x_adc.o(.text)
    ADC_GetCalibrationStatus                 0x080023c5   Thumb Code    20  stm32f10x_adc.o(.text)
    ADC_SoftwareStartConvCmd                 0x080023d9   Thumb Code    22  stm32f10x_adc.o(.text)
    ADC_RegularChannelConfig                 0x080023ef   Thumb Code   184  stm32f10x_adc.o(.text)
    ADC_GetConversionValue                   0x080024a7   Thumb Code     8  stm32f10x_adc.o(.text)
    SystemInit                               0x08002595   Thumb Code    78  system_stm32f10x.o(.text)
    __aeabi_dmul                             0x080025f9   Thumb Code   228  dmul.o(.text)
    __aeabi_i2d                              0x080026dd   Thumb Code    34  dflti.o(.text)
    __aeabi_d2iz                             0x080026ff   Thumb Code    62  dfixi.o(.text)
    __aeabi_llsr                             0x0800273d   Thumb Code    32  llushr.o(.text)
    _ll_ushift_r                             0x0800273d   Thumb Code     0  llushr.o(.text)
    __I$use$fp                               0x0800275d   Thumb Code     0  iusefp.o(.text)
    _double_round                            0x0800275d   Thumb Code    26  depilogue.o(.text)
    _double_epilogue                         0x08002777   Thumb Code   164  depilogue.o(.text)
    __scatterload                            0x0800281d   Thumb Code    28  init.o(.text)
    __scatterload_rt2                        0x0800281d   Thumb Code     0  init.o(.text)
    __aeabi_llsl                             0x08002841   Thumb Code    30  llshl.o(.text)
    _ll_shift_l                              0x08002841   Thumb Code     0  llshl.o(.text)
    __scatterload_copy                       0x0800285f   Thumb Code    14  handlers.o(i.__scatterload_copy)
    __scatterload_null                       0x0800286d   Thumb Code     2  handlers.o(i.__scatterload_null)
    __scatterload_zeroinit                   0x0800286f   Thumb Code    14  handlers.o(i.__scatterload_zeroinit)
    font                                     0x0800287c   Data         648  lcd_ili9325.o(.constdata)
    font_samll                               0x08002b04   Data         480  lcd_ili9325.o(.constdata)
    str                                      0x08002ce4   Data         360  lcd_ili9325.o(.constdata)
    str1                                     0x08002e4c   Data         792  lcd_ili9325.o(.constdata)
    Month2Day_Tab                            0x08003164   Data          12  rtc_time.o(.constdata)
    TAB_DATE                                 0x08003170   Data          12  rtc_time.o(.constdata)
    Region$$Table$$Base                      0x0800317c   Number         0  anon$$obj.o(Region$$Table)
    Region$$Table$$Limit                     0x0800319c   Number         0  anon$$obj.o(Region$$Table)
    data_L                                   0x20000004   Data           4  main.o(.data)
    data_H                                   0x20000008   Data           4  main.o(.data)
    Sum                                      0x2000000c   Data           4  main.o(.data)
    max                                      0x20000010   Data           4  main.o(.data)
    dt                                       0x20000018   Data           1  pbdata.o(.data)
    tim_bz                                   0x20000019   Data           1  pbdata.o(.data)
    __initial_sp                             0x200005a8   Data           0  startup_stm32f10x_hd.o(STACK)



==============================================================================

Memory Map of the image

  Image Entry point : 0x08000131

  Load Region LR_IROM1 (Base: 0x08000000, Size: 0x000031cc, Max: 0x00080000, ABSOLUTE)

    Execution Region ER_IROM1 (Base: 0x08000000, Size: 0x0000319c, Max: 0x00080000, ABSOLUTE)

    Base Addr    Size         Type   Attr      Idx    E Section Name        Object

    0x08000000   0x00000130   Data   RO            3    RESET               startup_stm32f10x_hd.o
    0x08000130   0x00000000   Code   RO         1734  * .ARM.Collect$$$$00000000  mc_w.l(entry.o)
    0x08000130   0x00000004   Code   RO         1743    .ARM.Collect$$$$00000001  mc_w.l(entry2.o)
    0x08000134   0x00000004   Code   RO         1746    .ARM.Collect$$$$00000004  mc_w.l(entry5.o)
    0x08000138   0x00000000   Code   RO         1748    .ARM.Collect$$$$00000008  mc_w.l(entry7b.o)
    0x08000138   0x00000000   Code   RO         1750    .ARM.Collect$$$$0000000A  mc_w.l(entry8b.o)
    0x08000138   0x00000008   Code   RO         1751    .ARM.Collect$$$$0000000B  mc_w.l(entry9a.o)
    0x08000140   0x00000000   Code   RO         1753    .ARM.Collect$$$$0000000D  mc_w.l(entry10a.o)
    0x08000140   0x00000000   Code   RO         1755    .ARM.Collect$$$$0000000F  mc_w.l(entry11a.o)
    0x08000140   0x00000004   Code   RO         1744    .ARM.Collect$$$$00002712  mc_w.l(entry2.o)
    0x08000144   0x00000024   Code   RO            4    .text               startup_stm32f10x_hd.o
    0x08000168   0x00000a10   Code   RO           11    .text               main.o
    0x08000b78   0x00000074   Code   RO          107    .text               pbdata.o
    0x08000bec   0x000002bc   Code   RO          131    .text               stm32f10x_it.o
    0x08000ea8   0x000004a8   Code   RO          149    .text               lcd_ili9325.o
    0x08001350   0x0000005c   Code   RO          178    .text               stm32_fsmc.o
    0x080013ac   0x00000274   Code   RO          193    .text               key.o
    0x08001620   0x00000188   Code   RO          208    .text               dht11.o
    0x080017a8   0x0000041c   Code   RO          223    .text               rtc_time.o
    0x08001bc4   0x0000012c   Code   RO          242    .text               stm32f10x_gpio.o
    0x08001cf0   0x000001c0   Code   RO          338    .text               stm32f10x_rcc.o
    0x08001eb0   0x00000080   Code   RO          482    .text               misc.o
    0x08001f30   0x000001cc   Code   RO         1100    .text               stm32f10x_usart.o
    0x080020fc   0x00000034   Code   RO         1243    .text               stm32f10x_bkp.o
    0x08002130   0x0000000c   Code   RO         1310    .text               stm32f10x_pwr.o
    0x0800213c   0x000000f0   Code   RO         1369    .text               stm32f10x_rtc.o
    0x0800222c   0x00000114   Code   RO         1408    .text               stm32f10x_fsmc.o
    0x08002340   0x00000178   Code   RO         1520    .text               stm32f10x_adc.o
    0x080024b8   0x00000140   Code   RO         1703    .text               system_stm32f10x.o
    0x080025f8   0x000000e4   Code   RO         1737    .text               mf_w.l(dmul.o)
    0x080026dc   0x00000022   Code   RO         1739    .text               mf_w.l(dflti.o)
    0x080026fe   0x0000003e   Code   RO         1741    .text               mf_w.l(dfixi.o)
    0x0800273c   0x00000020   Code   RO         1757    .text               mc_w.l(llushr.o)
    0x0800275c   0x00000000   Code   RO         1759    .text               mc_w.l(iusefp.o)
    0x0800275c   0x000000be   Code   RO         1760    .text               mf_w.l(depilogue.o)
    0x0800281a   0x00000002   PAD
    0x0800281c   0x00000024   Code   RO         1762    .text               mc_w.l(init.o)
    0x08002840   0x0000001e   Code   RO         1764    .text               mc_w.l(llshl.o)
    0x0800285e   0x0000000e   Code   RO         1768    i.__scatterload_copy  mc_w.l(handlers.o)
    0x0800286c   0x00000002   Code   RO         1769    i.__scatterload_null  mc_w.l(handlers.o)
    0x0800286e   0x0000000e   Code   RO         1770    i.__scatterload_zeroinit  mc_w.l(handlers.o)
    0x0800287c   0x000008e8   Data   RO          153    .constdata          lcd_ili9325.o
    0x08003164   0x00000018   Data   RO          225    .constdata          rtc_time.o
    0x0800317c   0x00000020   Data   RO         1766    Region$$Table       anon$$obj.o


    Execution Region RW_IRAM1 (Base: 0x20000000, Size: 0x000005a8, Max: 0x00010000, ABSOLUTE)

    Base Addr    Size         Type   Attr      Idx    E Section Name        Object

    0x20000000   0x00000014   Data   RW           13    .data               main.o
    0x20000014   0x00000006   Data   RW          109    .data               pbdata.o
    0x2000001a   0x00000014   Data   RW          359    .data               stm32f10x_rcc.o
    0x2000002e   0x00000002   PAD
    0x20000030   0x00000074   Zero   RW           12    .bss                main.o
    0x200000a4   0x00000074   Zero   RW          132    .bss                stm32f10x_it.o
    0x20000118   0x00000090   Zero   RW          224    .bss                rtc_time.o
    0x200001a8   0x00000400   Zero   RW            1    STACK               startup_stm32f10x_hd.o


==============================================================================

Image component sizes


      Code (inc. data)   RO Data    RW Data    ZI Data      Debug   Object Name

       392          4          0          0          0       2115   dht11.o
       628         14          0          0          0        800   key.o
      1192         24       2280          0          0       3983   lcd_ili9325.o
      2576        100          0         20        116     252039   main.o
       128         16          0          0          0       1041   misc.o
       116          0          0          6          0       1802   pbdata.o
      1052         18         24          0        144       2331   rtc_time.o
        36          8        304          0       1024        740   startup_stm32f10x_hd.o
        92          0          0          0          0        529   stm32_fsmc.o
       376         10          0          0          0       4345   stm32f10x_adc.o
        52          6          0          0          0       1685   stm32f10x_bkp.o
       276          6          0          0          0       1255   stm32f10x_fsmc.o
       300          0          0          0          0       2390   stm32f10x_gpio.o
       700         14          0          0        116       2333   stm32f10x_it.o
        12          6          0          0          0        422   stm32f10x_pwr.o
       448         28          0         20          0       4758   stm32f10x_rcc.o
       240          6          0          0          0       1922   stm32f10x_rtc.o
       460          6          0          0          0       3989   stm32f10x_usart.o
       320         22          0          0          0       1101   system_stm32f10x.o

    ----------------------------------------------------------------------
      9396        288       2640         48       1400     289580   Object Totals
         0          0         32          0          0          0   (incl. Generated)
         0          0          0          2          0          0   (incl. Padding)

    ----------------------------------------------------------------------

      Code (inc. data)   RO Data    RW Data    ZI Data      Debug   Library Member Name

         0          0          0          0          0          0   entry.o
         0          0          0          0          0          0   entry10a.o
         0          0          0          0          0          0   entry11a.o
         8          4          0          0          0          0   entry2.o
         4          0          0          0          0          0   entry5.o
         0          0          0          0          0          0   entry7b.o
         0          0          0          0          0          0   entry8b.o
         8          4          0          0          0          0   entry9a.o
        30          0          0          0          0          0   handlers.o
        36          8          0          0          0         68   init.o
         0          0          0          0          0          0   iusefp.o
        30          0          0          0          0         68   llshl.o
        32          0          0          0          0         68   llushr.o
       190          0          0          0          0        176   depilogue.o
        62          0          0          0          0         80   dfixi.o
        34          0          0          0          0         76   dflti.o
       228          0          0          0          0         96   dmul.o

    ----------------------------------------------------------------------
       664         16          0          0          0        632   Library Totals
         2          0          0          0          0          0   (incl. Padding)

    ----------------------------------------------------------------------

      Code (inc. data)   RO Data    RW Data    ZI Data      Debug   Library Name

       148         16          0          0          0        204   mc_w.l
       514          0          0          0          0        428   mf_w.l

    ----------------------------------------------------------------------
       664         16          0          0          0        632   Library Totals

    ----------------------------------------------------------------------

==============================================================================


      Code (inc. data)   RO Data    RW Data    ZI Data      Debug   

     10060        304       2640         48       1400     288392   Grand Totals
     10060        304       2640         48       1400     288392   ELF Image Totals
     10060        304       2640         48          0          0   ROM Totals

==============================================================================

    Total RO  Size (Code + RO Data)                12700 (  12.40kB)
    Total RW  Size (RW Data + ZI Data)              1448 (   1.41kB)
    Total ROM Size (Code + RO Data + RW Data)      12748 (  12.45kB)

==============================================================================

